// Vitest Snapshot v1, https://vitest.dev/guide/snapshot.html

exports[`simple test add > "ap" 1`] = `"ap"`;
